
as12, an absolute assembler for Motorola MCU's, version 1.2h

                        ;       Autor:
                        ; Brown Ram?rez, Belinda
                        ; timna.brown@ucr.ac.cr
                        ; Jan, 2021
                        
                        
                        ;##--------------------------------  DEFINITIONS ------------------------------------
0000 13 00              temp_NEGAT: DW $1300
1000                            ORG $1000
1000                    J: DS 2
1002                    K: DS temp_NEGAT
0002                    temp: EQU 2
                        
1050                            ORG $1050 ; Flash ROM address for Dragon12+
1050 f8 bc 28 71 39 82  DATOS: DB -8,-68,$28,$71,$39,$82,$91,-19
     91 ed
1058 93 b0 60 71 fd 01      DB $93,-80,$60,$71,-3,1,-1,$80
     ff 80
                        
1150                            ORG $1150 ; Flash ROM address for Dragon12+
1150 01 02 01 98 fe 35  MASCARAS: DB $1,$2,$1,$98,-2,$35,$87,-4
     87 fc
1158 93 04 80 dc 31 25      DB $93,$4,$80,-36,$31,$25,$0,$FE
     00 fe
                        
1300                            ORG $1300 ; Flash ROM address for Dragon12+
1300                    NEGAT: DS 1000
                        
                        ;##-------------------------------- MAIN ------------------------------------
2000                            ORG $2000 ; Flash ROM address for Dragon12+
2000                    _init:
2000 cd 11 50               	LDY #MASCARAS
2003 7d 10 00               	STY J
2006 ce 10 50               	LDX  #DATOS
2009 18 03 13 00 10 02      	MOVW #NEGAT, K ; save result NEGAT
200f 18 03 10 4f 00 02      	MOVW #DATOS-1, temp
                        
2015                    loopValue:  ; Find value and move to selected
2015 86 80                  	LDAA #$80
2017 a1 30                  	CMPA 1,X+
2019 26 fa                  	BNE loopValue
201b 09                    	DEX   ; -1
201c 09                     	DEX   ; -1     ---> last data
                        
201d                    forloop:
201d c6 fe              	LDAB #$FE
201f e1 40              	CMPB $0,Y               ; skip if end mask
2021 27 1e              	BEQ end
2023 9e 02              	CPX temp
2025 27 1a              	BEQ end                 ; skip if end data
2027 a6 3f              	LDAA 1,X-
2029 a8 70              	EORA 1,Y+             	; Mask applied -> XOR
202b 18 0e              	TAB                     ; A -> B
202d 58                 	ASLB
202e 24 ed              	BHS forloop
2030 7d 10 00           	STY J
2033 fd 10 02           	LDY K
2036 6a 70              	STAA 1,Y+               ; store negat
2038 7d 10 02           	STY K
203b fd 10 00           	LDY J
203e 06 20 1d           	JMP forloop
                        
2041                    end:
2041 06 20 41               JMP end

Executed: Wed Jan 27 00:38:40 2021
Total cycles: 70, Total bytes: 102
Total errors: 0, Total warnings: 0
