
as12, an absolute assembler for Motorola MCU's, version 1.2h

                        ;       Autor:
                        ; Brown Ramírez, Belinda 
                        ; timna.brown@ucr.ac.cr
                        ; Jan, 2021
                        
                        ; To calculate if a number is divided by four 
                        ; we need to consider the last two digit of a number 
                        ; if it's divided by four or if this two digit are zero.
                        
                        ;##--------------------------------  DEFINITIONS ------------------------------------
1000                            ORG $1000
1000 08                 L: DB 8 ; because are 8 samples 
1001                    CANT4: DS $1
1100                            ORG $1100
1100 ff fe 87 38 07 58  DATOS: DB $FF,$FE,$87,$38,$7,$58,$34,$47
     34 47
1200                            ORG $1200
1200                    DIV4: DS 255
                        
                        
                        ;##-------------------------------- MAIN ------------------------------------
2000                            ORG $2000
2000                    _init:       
2000 79 10 01                  CLR CANT4   ; cant 4 -> 0
2003 ce 11 00                  LDX #DATOS
2006 cd 12 00                  LDY #DIV4
2009 b6 10 00                  LDAA L
200c c7                        CLRB
                        
200d                    forloop:       
200d a6 00                      LDAA 0,X
200f 81 00                      CMPA #0             ; compare with zero after rotate
2011 2c 01                      BGE analyze_carry   ; analyze
2013 40                         NEGA ; negate value 
                        
2014                    analyze_carry:
2014 44                         LSRA
2015 25 0a                      BLO query ; go to next item 
2017 44                         LSRA
2018 25 07                      BLO query ; go to next item 
201a 72 10 01                   INC  CANT4; + 1 count  
201d 18 0a 00 70                MOVB 0,X,1,Y+        ; ->> array
                        
2021                    query:
2021 52                         INCB
2022 f1 10 00                   CMPB L ; is the last item?
2025 24 04                      BHS end 
2027 08                         INX 
2028 06 20 0d                   JMP forloop
                                
202b                    end:           
202b 06 20 2b                   JMP end
                        

Executed: Tue Jan 26 17:28:19 2021
Total cycles: 48, Total bytes: 55
Total errors: 0, Total warnings: 0
